// Jest Snapshot v1, https://goo.gl/fbAQLP

exports[`<NumberInput/> should render NumberInput 1`] = `
<input
  class="cuke-input cuke-number-input"
  placeholder=""
  type="text"
  value=""
/>
`;
